unpackaged-error.rb:1: File `test/cli/unpackaged-error/unpackaged-error.rb` does not belong to a package; add a `__package.rb` file to one of its parent directories https://srb.help/8006
     1 |# typed: true
        ^
Errors: 1
